// Jest Snapshot v1, https://goo.gl/fbAQLP

exports[`should render an <span> tag 1`] = `
<div
  className="app-error"
>
  <h1>
    Something went wrong:
  </h1>
  <p>
    Some error
  </p>
</div>
`;
